node : (node:13792) 
ExperimentalWarning: `
--experimental-loader`
 may be removed in 
the future; instead 
use `register()`:
At line:1 char:1
+ node --loader 
ts-node/esm 
src/test_update.ts > 
test_output.txt 2>&1
+ ~~~~~~~~~~~~~~~~~~~~
~~~~~~~~~~~~~~~~~~~~~~
~~~~~~~~~~~~~~~~~~~~~~
~~~
    + CategoryInfo    
          : NotSpeci  
  fied: ((node:1379   
 2) Ex...e `regist    
er()`::String) []    
, RemoteException
    + FullyQualifiedE 
   rrorId : NativeCo  
  mmandError
 
--import 'data:text/ja
vascript,import { 
register } from 
"node:module"; import 
{ pathToFileURL } 
from "node:url"; regis
ter("ts-node/esm", 
pathToFileURL("./"));'
(Use `node 
--trace-warnings ...` 
to show where the 
warning was created)
Updating alikhanse248@gmail.com to script_test_pass_123...
Update result: SUCCESS
Fetched immediately after: script_test_pass_123
